******************************************************************************
                  TI ARM Linker PC v5.1.6                      
******************************************************************************
>> Linked Sun Mar 15 18:33:20 2015

OUTPUT FILE NAME:   <gpio_jtag.out>
ENTRY POINT SYMBOL: "_c_int00"  address: 000007b9


MEMORY CONFIGURATION

         name            origin    length      used     unused   attr    fill
----------------------  --------  ---------  --------  --------  ----  --------
  FLASH                 00000000   00100000  00000b5a  000ff4a6  R  X
  SRAM                  20000000   00040000  00000123  0003fedd  RW X


SEGMENT ALLOCATION MAP

run origin  load origin   length   init length attrs members
----------  ----------- ---------- ----------- ----- -------
00000000    00000000    00000b60   00000b60    r-x
  00000000    00000000    00000200   00000200    r-- .intvecs
  00000200    00000200    0000075e   0000075e    r-x .text
  00000960    00000960    000001c4   000001c4    r-- .const
  00000b28    00000b28    00000038   00000038    r-- .cinit
20000000    20000000    00000124   00000000    rw-
  20000000    20000000    00000100   00000000    rw- .stack
  20000100    20000100    00000017   00000000    rw- .data
  20000118    20000118    0000000c   00000000    rw- .bss


SECTION ALLOCATION MAP

 output                                  attributes/
section   page    origin      length       input sections
--------  ----  ----------  ----------   ----------------
.intvecs   0    00000000    00000200     
                  00000000    00000200     startup_ccs.obj (.intvecs)

.init_array 
*          0    00000000    00000000     UNINITIALIZED

.text      0    00000200    0000075e     
                  00000200    000001fc     driverlib.lib : sysctl.obj (.text:SysCtlClockFreqSet)
                  000003fc    00000114     gpio_jtag.obj (.text:SysTickIntHandler)
                  00000510    0000009c     rtsv7M4_T_le_v4SPD16_eabi.lib : memcpy_t2.obj (.text)
                  000005ac    00000094                                   : auto_init.obj (.text)
                  00000640    0000007c     buttons.obj (.text:ButtonsPoll)
                  000006bc    0000005e     rtsv7M4_T_le_v4SPD16_eabi.lib : copy_decompress_rle.obj (.text)
                  0000071a    00000002     startup_ccs.obj (.text:FaultISR)
                  0000071c    00000054     gpio_jtag.obj (.text:timerInit)
                  00000770    00000048     driverlib.lib : sysctl.obj (.text:_SysCtlFrequencyGet)
                  000007b8    00000048     rtsv7M4_T_le_v4SPD16_eabi.lib : boot.obj (.text)
                  00000800    00000044                                   : cpy_tbl.obj (.text)
                  00000844    00000044                                   : exit.obj (.text)
                  00000888    0000002c     gpio_jtag.obj (.text:main)
                  000008b4    0000001c     driverlib.lib : sysctl.obj (.text:_SysCtlMemTimingGet)
                  000008d0    0000001a     gpio_jtag.obj (.text:spin)
                  000008ea    00000002     startup_ccs.obj (.text:IntDefaultHandler)
                  000008ec    00000018     rtsv7M4_T_le_v4SPD16_eabi.lib : args_main.obj (.text)
                  00000904    00000014                                   : _lock.obj (.text)
                  00000918    00000012                                   : copy_zero_init.obj (.text:decompress:ZI)
                  0000092a    0000000e                                   : copy_decompress_none.obj (.text:decompress:none)
                  00000938    0000000c     gpio_jtag.obj (.text:portBInterrupt)
                  00000944    0000000c     gpio_jtag.obj (.text:timerHandler)
                  00000950    00000006     startup_ccs.obj (.text:ResetISR)
                  00000956    00000006     rtsv7M4_T_le_v4SPD16_eabi.lib : copy_decompress_rle.obj (.text:decompress:rle24)
                  0000095c    00000002     startup_ccs.obj (.text:NmiSR)

.const     0    00000960    000001c4     
                  00000960    00000120     driverlib.lib : sysctl.obj (.const:g_pppui32XTALtoVCO)
                  00000a80    0000006c                   : sysctl.obj (.const:g_pui32Xtals)
                  00000aec    00000030                   : sysctl.obj (.const:g_sXTALtoMEMTIM)
                  00000b1c    00000008                   : sysctl.obj (.const)

.cinit     0    00000b28    00000038     
                  00000b28    00000012     (.cinit..data.load) [load image, compression = rle]
                  00000b3a    00000002     --HOLE-- [fill = 0]
                  00000b3c    0000000c     (__TI_handler_table)
                  00000b48    00000008     (.cinit..bss.load) [load image, compression = zero_init]
                  00000b50    00000010     (__TI_cinit_table)

.stack     0    20000000    00000100     UNINITIALIZED
                  20000000    00000100     --HOLE--

.data      0    20000100    00000017     UNINITIALIZED
                  20000100    00000008     rtsv7M4_T_le_v4SPD16_eabi.lib : _lock.obj (.data)
                  20000108    00000008                                   : exit.obj (.data)
                  20000110    00000004                                   : stkdepth_vars.obj (.data)
                  20000114    00000003     buttons.obj (.data)

.bss       0    20000118    0000000c     UNINITIALIZED
                  20000118    00000004     (.common:g_ui32Mode)
                  2000011c    00000004     (.common:g_ui32SysClock)
                  20000120    00000004     (.common:testFlag)


LINKER GENERATED COPY TABLES

__TI_cinit_table @ 00000b50 records: 2, size/record: 8, table size: 16
	.data: load addr=00000b28, load size=00000012 bytes, run addr=20000100, run size=00000017 bytes, compression=rle
	.bss: load addr=00000b48, load size=00000008 bytes, run addr=20000118, run size=0000000c bytes, compression=zero_init


LINKER GENERATED HANDLER TABLE

__TI_handler_table @ 00000b3c records: 3, size/record: 4, table size: 12
	index: 0, handler: __TI_decompress_rle24
	index: 1, handler: __TI_decompress_none
	index: 2, handler: __TI_zero_init


GLOBAL SYMBOLS: SORTED ALPHABETICALLY BY Name 

address    name
--------   ----
00000641   ButtonsPoll
00000845   C$$EXIT
00000951   ResetISR
UNDEFED    SHT$$INIT_ARRAY$$Base
UNDEFED    SHT$$INIT_ARRAY$$Limit
00000201   SysCtlClockFreqSet
000003fd   SysTickIntHandler
20000100   __STACK_END
00000100   __STACK_SIZE
20000100   __STACK_TOP
00000b50   __TI_CINIT_Base
00000b60   __TI_CINIT_Limit
00000b3c   __TI_Handler_Table_Base
00000b48   __TI_Handler_Table_Limit
00000001   __TI_args_main
000005ad   __TI_auto_init
20000108   __TI_cleanup_ptr
0000092b   __TI_decompress_none
00000957   __TI_decompress_rle24
2000010c   __TI_dtors_ptr
00000000   __TI_static_base__
00000919   __TI_zero_init
00000511   __aeabi_memcpy
00000511   __aeabi_memcpy4
00000511   __aeabi_memcpy8
ffffffff   __binit__
ffffffff   __c_args__
20000000   __stack
000008ed   _args_main
000007b9   _c_int00
20000100   _lock
00000913   _nop
0000090b   _register_lock
00000905   _register_unlock
20000104   _unlock
00000849   abort
ffffffff   binit
00000801   copy_in
00000851   exit
00000000   g_pfnVectors
20000118   g_ui32Mode
2000011c   g_ui32SysClock
00000889   main
20000110   main_func_sp
00000511   memcpy
00000939   portBInterrupt
000008d1   spin
20000120   testFlag
00000945   timerHandler
0000071d   timerInit


GLOBAL SYMBOLS: SORTED BY Symbol Address 

address    name
--------   ----
00000000   __TI_static_base__
00000000   g_pfnVectors
00000001   __TI_args_main
00000100   __STACK_SIZE
00000201   SysCtlClockFreqSet
000003fd   SysTickIntHandler
00000511   __aeabi_memcpy
00000511   __aeabi_memcpy4
00000511   __aeabi_memcpy8
00000511   memcpy
000005ad   __TI_auto_init
00000641   ButtonsPoll
0000071d   timerInit
000007b9   _c_int00
00000801   copy_in
00000845   C$$EXIT
00000849   abort
00000851   exit
00000889   main
000008d1   spin
000008ed   _args_main
00000905   _register_unlock
0000090b   _register_lock
00000913   _nop
00000919   __TI_zero_init
0000092b   __TI_decompress_none
00000939   portBInterrupt
00000945   timerHandler
00000951   ResetISR
00000957   __TI_decompress_rle24
00000b3c   __TI_Handler_Table_Base
00000b48   __TI_Handler_Table_Limit
00000b50   __TI_CINIT_Base
00000b60   __TI_CINIT_Limit
20000000   __stack
20000100   __STACK_END
20000100   __STACK_TOP
20000100   _lock
20000104   _unlock
20000108   __TI_cleanup_ptr
2000010c   __TI_dtors_ptr
20000110   main_func_sp
20000118   g_ui32Mode
2000011c   g_ui32SysClock
20000120   testFlag
ffffffff   __binit__
ffffffff   __c_args__
ffffffff   binit
UNDEFED    SHT$$INIT_ARRAY$$Base
UNDEFED    SHT$$INIT_ARRAY$$Limit

[50 symbols]
